// Jest Snapshot v1, https://goo.gl/fbAQLP

exports[`Carousel component Matches the snapshot 1`] = `
<div
  className="carousel"
>
  <div
    className="carousel__container"
  />
</div>
`;
