// Jest Snapshot v1, https://goo.gl/fbAQLP

exports[`Header component Matches the snapshot 1`] = `
<div
  className="App"
>
  <footer
    className="footer"
  >
    <a
      href="/"
    >
      Terminos de uso
    </a>
    <a
      href="/"
    >
      Declaraci√≥n de privacidad
    </a>
    <a
      href="/"
    >
      Centro de ayuda
    </a>
  </footer>
</div>
`;
